<!DOCTYPE html>
<html>
  <head>
    <title>Example with layout</title>
    <meta charset="utf-8">
    <style>

      body { font-family: 'Droid Serif'; }
      h1, h2, h3 {
        font-family: 'Yanone Kaffeesatz';
        font-weight: normal;
      }
      .remark-code, .remark-inline-code { font-family: 'Ubuntu Mono'; }
    </style>
  </head>
  <body>
    <textarea id="source">

class: center, middle

# Title

---

# Agenda

1. Introduction
2. Deep-dive
3. ...

---

# Introduction

    </textarea>
    <script src="https://gnab.github.io/remark/downloads/remark-latest.min.js">
    </script>
    <script>
      var slideshow = remark.create();
    </script>
  </body>
</html>
